Script started on Fri Feb 10 14:04:12 2023

The default interactive shell is now zsh.
To update your account to use zsh, please run `chsh -s /bin/zsh`.
For more details, please visit https://support.apple.com/kb/HT208050.
[?1034hbash-3.2$ ls -l|grep typescript
-rw-r--r--  1 godwin.g  staff  43 Feb 10 14:04 typescript
bash-3.2$ cat typescript 
Script started on Fri Feb 10 14:04:12 2023
bash-3.2$ cd[K[Kls [K[K[Kchmod 777 typescript 
bash-3.2$ cat typescript 
Script started on Fri Feb 10 14:04:12 2023

The default interactive shell is now zsh.
To update your account to use zsh, please run `chsh -s /bin/zsh`.
For more details, please visit https://support.apple.com/kb/HT208050.
[?1034hbash-3.2$ ls -l|grep typescript
-rw-r--r--  1 godwin.g  staff  43 Feb 10 14:04 typescript
bash-3.2$ cat typescript 
Script started on Fri Feb 10 14:04:12 2023
bash-3.2$ bash-3.2$ cat script.sh 
#!/bin/bash
echo "Hello first try"
echo "lord is great at all time""
bash-3.2$ echo "hello"
hello
bash-3.2$ cat Script
cat: Script: No such file or directory
bash-3.2$ cat typescript 
Script started on Fri Feb 10 14:04:12 2023

The default interactive shell is now zsh.
To update your account to use zsh, please run `chsh -s /bin/zsh`.
For more details, please visit https://support.apple.com/kb/HT208050.
[?1034hbash-3.2$ ls -l|grep typescript
-rw-r--r--  1 godwin.g  staff  43 Feb 10 14:04 typescript
bash-3.2$ cat typescript 
Script started on Fri Feb 10 14:04:12 2023
bash-3.2$ cd[K[Kls [K[K[Kchmod 777 typescript 
bash-3.2$ cat typescript 
Script started on Fri Feb 10 14:04:12 2023

The default interactive shell is now zsh.
To update your account to use zsh, please run `chsh -s /bin/zsh`.
For more details, please visit https://support.apple.com/kb/HT208050.
[?1034hbash-3.2$ ls -l|grep typescript
-rw-r--r--  1 godwin.g  staff  43 Feb 10 14:04 typescript
bash-3.2$ cat typescript 
Script started on Fri Feb 10 14:04:12 2023
bash-3.2$ bash-3.2$ cat script.sh 
#!/bin/bash
echo "Hello first try"
echo "lord is great at all time""
bash-3.2$ echo "hello"
hello
bash-3.2$ bash-3.2$ cat typescript 
Script started on Fri Feb 10 14:04:12 2023

The default interactive shell is now zsh.
To update your account to use zsh, please run `chsh -s /bin/zsh`.
For more details, please visit https://support.apple.com/kb/HT208050.
[?1034hbash-3.2$ ls -l|grep typescript
-rw-r--r--  1 godwin.g  staff  43 Feb 10 14:04 typescript
bash-3.2$ cat typescript 
Script started on Fri Feb 10 14:04:12 2023
bash-3.2$ cd[K[Kls [K[K[Kchmod 777 typescript 
bash-3.2$ cat typescript 
Script started on Fri Feb 10 14:04:12 2023

The default interactive shell is now zsh.
To update your account to use zsh, please run `chsh -s /bin/zsh`.
For more details, please visit https://support.apple.com/kb/HT208050.
[?1034hbash-3.2$ ls -l|grep typescript
-rw-r--r--  1 godwin.g  staff  43 Feb 10 14:04 typescript
bash-3.2$ cat typescript 
Script started on Fri Feb 10 14:04:12 2023
bash-3.2$ bash-3.2$ cat script.sh 
#!/bin/bash
echo "Hello first try"
echo "lord is great at all time""
bash-3.2$ echo "hello"
hello
bash-3.2$ cat Script
cat: Script: No such file or directory
bash-3.2$ cat typescript 
Script started on Fri Feb 10 14:04:12 2023

The default interactive shell is now zsh.
To update your account to use zsh, please run `chsh -s /bin/zsh`.
For more details, please visit https://support.apple.com/kb/HT208050.
[?1034hbash-3.2$ ls -l|grep typescript
-rw-r--r--  1 godwin.g  staff  43 Feb 10 14:04 typescript
bash-3.2$ cat typescript 
Script started on Fri Feb 10 14:04:12 2023
bash-3.2$ cd[K[Kls [K[K[Kchmod 777 typescript 
bash-3.2$ cat typescript 
Script started on Fri Feb 10 14:04:12 2023

The default interactive shell is now zsh.
To update your account to use zsh, please run `chsh -s /bin/zsh`.
For more details, please visit https://support.apple.com/kb/HT208050.
[?1034hbash-3.2$ ls -l|grep typescript
-rw-r--r--  1 godwin.g  staff  43 Feb 10 14:04 typescript
bash-3.2$ cat typescript 
Script started on Fri Feb 10 14:04:12 2023
bash-3.2$ bash-3.2$ cat script.sh 
#!/bin/bash
echo "Hello first try"
echo "lord is great at all time""
bash-3.2$ echo "hello"
hello
bash-3.2$ bash-3.2$ bash-3.2$ 
bash-3.2$ 
bash-3.2$ 
bash-3.2$ 
bash-3.2$ 
bash-3.2$ cat typescript 
Script started on Fri Feb 10 14:04:12 2023

The default interactive shell is now zsh.
To update your account to use zsh, please run `chsh -s /bin/zsh`.
For more details, please visit https://support.apple.com/kb/HT208050.
[?1034hbash-3.2$ ls -l|grep typescript
-rw-r--r--  1 godwin.g  staff  43 Feb 10 14:04 typescript
bash-3.2$ cat typescript 
Script started on Fri Feb 10 14:04:12 2023
bash-3.2$ cd[K[Kls [K[K[Kchmod 777 typescript 
bash-3.2$ cat typescript 
Script started on Fri Feb 10 14:04:12 2023

The default interactive shell is now zsh.
To update your account to use zsh, please run `chsh -s /bin/zsh`.
For more details, please visit https://support.apple.com/kb/HT208050.
[?1034hbash-3.2$ ls -l|grep typescript
-rw-r--r--  1 godwin.g  staff  43 Feb 10 14:04 typescript
bash-3.2$ cat typescript 
Script started on Fri Feb 10 14:04:12 2023
bash-3.2$ bash-3.2$ cat script.sh 
#!/bin/bash
echo "Hello first try"
echo "lord is great at all time""
bash-3.2$ echo "hello"
hello
bash-3.2$ cat Script
cat: Script: No such file or directory
bash-3.2$ cat typescript 
Script started on Fri Feb 10 14:04:12 2023

The default interactive shell is now zsh.
To update your account to use zsh, please run `chsh -s /bin/zsh`.
For more details, please visit https://support.apple.com/kb/HT208050.
[?1034hbash-3.2$ ls -l|grep typescript
-rw-r--r--  1 godwin.g  staff  43 Feb 10 14:04 typescript
bash-3.2$ cat typescript 
Script started on Fri Feb 10 14:04:12 2023
bash-3.2$ cd[K[Kls [K[K[Kchmod 777 typescript 
bash-3.2$ cat typescript 
Script started on Fri Feb 10 14:04:12 2023

The default interactive shell is now zsh.
To update your account to use zsh, please run `chsh -s /bin/zsh`.
For more details, please visit https://support.apple.com/kb/HT208050.
[?1034hbash-3.2$ ls -l|grep typescript
-rw-r--r--  1 godwin.g  staff  43 Feb 10 14:04 typescript
bash-3.2$ cat typescript 
Script started on Fri Feb 10 14:04:12 2023
bash-3.2$ bash-3.2$ cat script.sh 
#!/bin/bash
echo "Hello first try"
echo "lord is great at all time""
bash-3.2$ echo "hello"
hello
bash-3.2$ bash-3.2$ bash-3.2$ 
bash-3.2$ 
bash-3.2$ 
bash-3.2$ 
bash-3.2$ 
bash-3.2$ 
bash-3.2$ dockr --vrsion[K[K[K[K[Krsion
bash: dockr: command not found
bash-3.2$ dockj[Ker --version
bash: docker: command not found
bash-3.2$ docker --version
Docker version 20.10.22, build 3a2c30b
bash-3.2$ docker run --name some-postgres -e POSTGRES_PASSWORD=mysecretpassword -d postgres[C[1P[1P[1P[1P[1P[1@[[1@C[C[C[C[C[C[C[C[C[1P[1P[1P[1P[1P[1P[1P[1P[1P[1P[1P[C[C[C[C[C[C[C[C[C[C[C[C[C[C[C[C[C[C[C[C[C[C[C[C[C[C[C[C[C[C[C[C[C[C[C[C[C[C[C[C[C[C[C[C[C[C[C[C[C[C[K[K[C[C[C[C[C[C[C[C[C[C[C[C[C[C[C[C[C[C[C[C[C[C[C[C[C[C[C[C[C[C[C[K[K[K[K[Kdocker run --name some-postgres -e POSTGRES_PASSWORD=mysecretpassword -d postgres[1@[[C[1@D[C[1@ [1@-[1@o[1P[1@p[C[1@ [1@5[1@43 -e POSTGRES_PASSWOR[DD=mysecretpassword -d postgres [A[C[C[C[C[C[C[C[C[C[C[C[C[C[C[C[C[C[C[C[C[C[C[C[C[C[C[C[C[C[C[C[C[C[C[C[C[C[C[C[C[C[C[C[C[C[C[C2 -e POSTGRES_PASSWOR[DD=mysecretpassword -d postgress[A[C[C[C[C[C[C[C[C[C[C[C[C[C[C[C[C[C[C[C[C[C[C[C[C[C[C[C[C[C[C[C[C[C[C[C[C[C[C[C[C[C[C[C[C[C[C[C[C: -e POSTGRES_PASSWOR[DD=mysecretpassword -d postgres[A[C[C[C[C[C[C[C[C[C[C[C[C[C[C[C[C[C[C[C[C[C[C[C[C[C[C[C[C[C[C[C[C[C[C[C[C[C[C[C[C[C[C[C[C[C[C[C[C5 -e POSTGRES_PASSWOR[DD=mysecretpassword -d postgres[A[C[C[C[C[C[C[C[C[C[C[C[C[C[C[C[C[C[C[C[C[C[C[C[C[C[C[C[C[C[C[C[C[C[C[C[C[C[C[C[C[C[C[C[C[C[C[C[C4 -e POSTGRES_PASSWOR[DD=mysecretpassword -d postgres[A[C[C[C[C[C[C[C[C[C[C[C[C[C[C[C[C[C[C[C[C[C[C[C[C[C[C[C[C[C[C[C[C[C[C[C[C[C[C[C[C[C[C[C[C[C[C[C[C3 -e POSTGRES_PASSWOR[DD=mysecretpassword -d postgres[A[C[C[C[C[C[C[C[C[C[C[C[C[C[C[C[C[C[C[C[C[C[C[C[C[C[C[C[C[C[C[C[C[C[C[C[C[C[C[C[C[C[C[C[C[C[C[C[C2 -e POSTGRES_PASSWOR[DD=mysecretpassword -d postgres[A[C[C[C[C[C[C[C[C[C[C[C[C[C[C[C[C[C[C[C[C[C[C[C[C[C[C[C[C[C[C[C[C[C[C[C[C[C[C[C[C[C[C[C[C[C[C[C[C




41652f884b64dffe04f15a13df09b13418a2e96ec30ec558c2df9fcc0af3fc9b



bash-3.2$ 
bash-3.2$ 
bash-3.2$ 
bash-3.2$ 
bash-3.2$ 
bash-3.2$ 
bash-3.2$ 
bash-3.2$ 
bash-3.2$ 
bash-3.2$ 
bash-3.2$ 
bash-3.2$ docker run --name some-postgres -p 5432:5432 -e POSTGRES_PASSWORD=mysecretpassword -d post gres
docker: Error response from daemon: Conflict. The container name "/some-postgres" is already in use by container "41652f884b64dffe04f15a13df09b13418a2e96ec30ec558c2df9fcc0af3fc9b". You have to remove (or rename) that container to be able to reuse that name.
See 'docker run --help'.
bash-3.2$ docker ps
CONTAINER ID   IMAGE     COMMAND   CREATED   STATUS    PORTS     NAMES
bash-3.2$ docker container imags[Kes

Usage:  docker container COMMAND

Manage containers

Commands:
  attach      Attach local standard input, output, and error streams to a running container
  commit      Create a new image from a container's changes
  cp          Copy files/folders between a container and the local filesystem
  create      Create a new container
  diff        Inspect changes to files or directories on a container's filesystem
  exec        Run a command in a running container
  export      Export a container's filesystem as a tar archive
  inspect     Display detailed information on one or more containers
  kill        Kill one or more running containers
  logs        Fetch the logs of a container
  ls          List containers
  pause       Pause all processes within one or more containers
  port        List port mappings or a specific mapping for the container
  prune       Remove all stopped containers
  rename      Rename a container
  restart     Restart one or more containers
  rm          Remove one or more containers
  run         Run a command in a new container
  start       Start one or more stopped containers
  stats       Display a live stream of container(s) resource usage statistics
  stop        Stop one or more running containers
  top         Display the running processes of a container
  unpause     Unpause all processes within one or more containers
  update      Update configuration of one or more containers
  wait        Block until one or more containers stop, then print their exit codes

Run 'docker container COMMAND --help' for more information on a command.
bash-3.2$ doscker [K[K[K[K[K[Kcker images
REPOSITORY                   TAG         IMAGE ID       CREATED         SIZE
9742525124/getting-started   latest      f64e6b9f4aa8   3 weeks ago     261MB
getting-started              latest      f64e6b9f4aa8   3 weeks ago     261MB
mysql                        8.0         b939d379d46e   3 weeks ago     514MB
postgres                     latest      9f3ec01f884d   4 weeks ago     379MB
node                         18-alpine   264f8646c2a6   4 weeks ago     173MB
nicolaka/netshoot            latest      8501a9035093   3 months ago    502MB
jenkins/jenkins              latest      14194737b3cb   4 months ago    463MB
alpine/git                   latest      b80d2cac43e4   4 months ago    43.6MB
ubuntu                       latest      216c552ea5ba   4 months ago    77.8MB
demo                         latest      cb6ab3ddb8dc   17 months ago   204MB
demobox                      latest      6dae237009ee   17 months ago   204MB
centos                       latest      5d0da3dc9764   17 months ago   231MB
bash-3.2$ docker imagescontainer imagesps[Krun --name some-postgres -p 5432:5432 -e POSTGRES_PASSWORD=mysecretpassword -d postggres[A[C[C[C[C[C[C[C[C[C[C[C[C[C[C[C[C[C[C[C[C[C[C[C[C[C[C[C[C[C[C[C[C[C[C[C[C[C[C[C[C[C[C[C[C[C[C[C[C[C[C[C[C[C[C[C[C[C[C[C[C[C[C[C[C[C[C[C[C[C[C[C[C[C[C[C[C[C[C[C[C[C[C[C[C[C[C[C[C[C[C[C[C[K
[K[A[C[C[C[C[C[C[C[C[C[C[C[C[C[C[C[C[C[C[C[C[C[C[C[C[C[C[C[C[C[C[C[C[C[C[C[C[C[C[C[C[C[C[C[C[C[C[C[C[C[C[C[C[C[C[C[C[C[C[C[C[C[C[C[C[C[C[C[C[C[C[C[C[C[C[C[C[C[C[C[C[C[C[C[C[C[C[C[C[C[C[C[C[C[C[C[C
"docker run" requires at least 1 argument.
See 'docker run --help'.

Usage:  docker run [OPTIONS] IMAGE [COMMAND] [ARG...]

Run a command in a new container
bash-3.2$ 
bash-3.2$ docker run --name test-postgres -p 5432:5432 -e POSTGRES_PASSWORD=mysecretpassword -d post gres
ea2ff09c24d91b6fbf2e0561989245d5e76e7bf3a4fe614e99882b71c859982d
bash-3.2$ dockt[Ker ps
CONTAINER ID   IMAGE      COMMAND                  CREATED         STATUS         PORTS                    NAMES
ea2ff09c24d9   postgres   "docker-entrypoint.sâ€¦"   5 seconds ago   Up 4 seconds   0.0.0.0:5432->5432/tcp   test-postgres
bash-3.2$ docker ps
CONTAINER ID   IMAGE      COMMAND                  CREATED         STATUS         PORTS                    NAMES
ea2ff09c24d9   postgres   "docker-entrypoint.sâ€¦"   2 minutes ago   Up 2 minutes   0.0.0.0:5432->5432/tcp   test-postgres
bash-3.2$ dockr [K[Ker starty[K ea2ff09c24d9 -iy[Kt [K[K[K[K[K[K[K[K[K[K[K[K[K[K[K[K[K[K[K[K[K[K[K[K ps
CONTAINER ID   IMAGE      COMMAND                  CREATED          STATUS          PORTS                    NAMES
ea2ff09c24d9   postgres   "docker-entrypoint.sâ€¦"   38 minutes ago   Up 38 minutes   0.0.0.0:5432->5432/tcp   test-postgres
bash-3.2$ docker exc [K[Kec -it ea2ff09c24d9 bash
[?2004hroot@ea2ff09c24d9:/# [Kroot@ea2ff09c24d9:/# create database test;
[?2004lbash: create: command not found
[?2004hroot@ea2ff09c24d9:/# create [K[K[K[K[K[K[Kwhoami
[?2004lroot
[?2004hroot@ea2ff09c24d9:/# pwd
[?2004l/
[?2004hroot@ea2ff09c24d9:/# psql
[?2004lpsql: error: connection to server on socket "/var/run/postgresql/.s.PGSQL.5432" failed: FATAL:  role "root" does not exist
[?2004hroot@ea2ff09c24d9:/# psql help
[?2004lpsql: error: connection to server on socket "/var/run/postgresql/.s.PGSQL.5432" failed: FATAL:  role "root" does not exist
[?2004hroot@ea2ff09c24d9:/# psql --gh[K[Khelp
[?2004lpsql is the PostgreSQL interactive terminal.

Usage:
  psql [OPTION]... [DBNAME [USERNAME]]

General options:
  -c, --command=COMMAND    run only single command (SQL or internal) and exit
  -d, --dbname=DBNAME      database name to connect to (default: "root")
  -f, --file=FILENAME      execute commands from file, then exit
  -l, --list               list available databases, then exit
  -v, --set=, --variable=NAME=VALUE
                           set psql variable NAME to VALUE
                           (e.g., -v ON_ERROR_STOP=1)
  -V, --version            output version information, then exit
  -X, --no-psqlrc          do not read startup file (~/.psqlrc)
  -1 ("one"), --single-transaction
                           execute as a single transaction (if non-interactive)
  -?, --help[=options]     show this help, then exit
      --help=commands      list backslash commands, then exit
      --help=variables     list special variables, then exit

Input and output options:
  -a, --echo-all           echo all input from script
  -b, --echo-errors        echo failed commands
  -e, --echo-queries       echo commands sent to server
  -E, --echo-hidden        display queries that internal commands generate
  -L, --log-file=FILENAME  send session log to file
  -n, --no-readline        disable enhanced command line editing (readline)
  -o, --output=FILENAME    send query results to file (or |pipe)
  -q, --quiet              run quietly (no messages, only query output)
  -s, --single-step        single-step mode (confirm each query)
  -S, --single-line        single-line mode (end of line terminates SQL command)

Output format options:
  -A, --no-align           unaligned table output mode
      --csv                CSV (Comma-Separated Values) table output mode
  -F, --field-separator=STRING
                           field separator for unaligned output (default: "|")
  -H, --html               HTML table output mode
  -P, --pset=VAR[=ARG]     set printing option VAR to ARG (see \pset command)
  -R, --record-separator=STRING
                           record separator for unaligned output (default: newline)
  -t, --tuples-only        print rows only
  -T, --table-attr=TEXT    set HTML table tag attributes (e.g., width, border)
  -x, --expanded           turn on expanded table output
  -z, --field-separator-zero
                           set field separator for unaligned output to zero byte
  -0, --record-separator-zero
                           set record separator for unaligned output to zero byte

Connection options:
  -h, --host=HOSTNAME      database server host or socket directory (default: "local socket")
  -p, --port=PORT          database server port (default: "5432")
  -U, --username=USERNAME  database user name (default: "root")
  -w, --no-password        never prompt for password
  -W, --password           force password prompt (should happen automatically)

For more information, type "\?" (for internal commands) or "\help" (for SQL
commands) from within psql, or consult the psql section in the PostgreSQL
documentation.

Report bugs to <pgsql-bugs@lists.postgresql.org>.
PostgreSQL home page: <https://www.postgresql.org/>
[?2004hroot@ea2ff09c24d9:/# psql -U postgres
[?2004lpsql (15.1 (Debian 15.1-1.pgdg110+1))
Type "help" for help.

[?2004hpostgres=# 
[?2004l[?2004hpostgres=# create database tea[Kst;
[?2004lCREATE DATABASE
[?2004hpostgres=# d[KError response from daemon: Bad response from Docker engine
bash-3.2$ 
bash-3.2$ 
bash-3.2$ 
bash-3.2$ 
bash-3.2$ 
bash-3.2$ exit
exit

Script done on Mon Feb 13 10:22:07 2023
